src/app/professor/alunos/page.tsx(46,32): error TS2322: Type '{ children: Element; asChild: true; }' is not assignable to type 'IntrinsicAttributes & Props<unknown>'.
  Property 'asChild' does not exist on type 'IntrinsicAttributes & Props<unknown>'.
src/app/professor/alunos/page.tsx(60,89): error TS2339: Property 'age' does not exist on type 'Student'.
src/app/professor/layout.tsx(34,13): error TS2304: Cannot find name 'Button'.
src/app/professor/layout.tsx(36,14): error TS2304: Cannot find name 'Button'.
src/components/NotificationBell.tsx(52,23): error TS2322: Type '{ children: Element; asChild: true; }' is not assignable to type 'IntrinsicAttributes & NativeButtonProps & Omit<WithBaseUIEvent<DetailedHTMLProps<ButtonHTMLAttributes<HTMLButtonElement>, HTMLButtonElement>>, "defaultChecked" | ... 2 more ... | "color"> & { ...; } & { ...; }'.
  Property 'asChild' does not exist on type 'IntrinsicAttributes & NativeButtonProps & Omit<WithBaseUIEvent<DetailedHTMLProps<ButtonHTMLAttributes<HTMLButtonElement>, HTMLButtonElement>>, "defaultChecked" | ... 2 more ... | "color"> & { ...; } & { ...; }'.
src/lib/mockData.ts(171,75): error TS2353: Object literal may only specify known properties, and 'scheduleTime' does not exist in type 'ClassSession'.
src/lib/mockData.ts(172,74): error TS2353: Object literal may only specify known properties, and 'scheduleTime' does not exist in type 'ClassSession'.
src/lib/mockData.ts(173,71): error TS2353: Object literal may only specify known properties, and 'scheduleTime' does not exist in type 'ClassSession'.
